// Jest Snapshot v1, https://goo.gl/fbAQLP

exports[`Page: Paystub should render correctly 1`] = `
<div>
  <div>
    <p
      class="text-5xl font-bold mt-8 mb-6 text-center lg:text-left"
    >
      Holerite
    </p>
    <div
      class="grid grid-cols-1 2xl:grid-cols-3 gap-10"
    >
      <div
        class="col-span-2 2xl:col-span-1 md:px-14 md:py-2 xl:p-0"
      >
        <div
          class="grid grid-cols-2 items-center"
        >
          <p
            class="text-4xl font-bold leading-9"
          >
            Cálculos
          </p>
          <button
            class="justify-self-end"
            data-variants="smoosh"
          >
            <span
              data-text="default"
            >
              Imprimir
            </span>
          </button>
        </div>
        <div
          class="grid grid-cols-2 gap-4 mt-8"
        >
          <div
            class="col-span-2"
          >
            <div>
              <div
                data-error="false"
                data-variants="input-wrapper"
              >
                <input
                  data-variants="input"
                  placeholder="Digite o nome"
                  type="text"
                  value=""
                />
              </div>
            </div>
          </div>
          <div
            class="col-1 mt-2"
          >
            <div
              class="ml-8"
            >
              <div
                class="flex items-center gap-2"
              >
                <span
                  class="text-lg leading-6 font-medium"
                >
                  Insalubridade ?
                </span>
                <label
                  class="checkbox-container"
                  for="Insalubridade ?"
                >
                  <input
                    class="peer sr-only"
                    id="Insalubridade ?"
                    type="checkbox"
                  />
                  <div
                    class="checkbox-button peer peer-checked:bg-teal-700 peer-checked:after:translate-x-full peer-checked:after:border-teal-700 peer-focus:ring-green-800"
                  />
                </label>
              </div>
            </div>
          </div>
          <div
            class="grid grid-cols-2 mt-2"
          >
            <div
              class="ml-8"
            >
              <div
                class="flex items-center gap-2"
              >
                <span
                  class="text-lg leading-6 font-medium"
                >
                  HE?
                </span>
                <label
                  class="checkbox-container"
                  for="HE?"
                >
                  <input
                    class="peer sr-only"
                    id="HE?"
                    type="checkbox"
                  />
                  <div
                    class="checkbox-button peer peer-checked:bg-teal-700 peer-checked:after:translate-x-full peer-checked:after:border-teal-700 peer-focus:ring-green-800"
                  />
                </label>
              </div>
            </div>
          </div>
          <div>
            <div>
              <div
                data-error="false"
                data-variants="input-wrapper"
              >
                <input
                  data-variants="input"
                  placeholder="salário"
                  type="text"
                  value=""
                />
              </div>
            </div>
          </div>
          <div>
            <div>
              <div
                data-error="false"
                data-variants="input-wrapper"
              >
                <input
                  data-variants="input"
                  placeholder="Dias faltados"
                  type="text"
                  value=""
                />
              </div>
            </div>
          </div>
          <div>
            <div>
              <div
                data-error="false"
                data-variants="input-wrapper"
              >
                <input
                  data-variants="input"
                  placeholder="Valor diário VTR"
                  type="text"
                  value=""
                />
              </div>
            </div>
          </div>
          <div>
            <div>
              <div
                data-error="false"
                data-variants="input-wrapper"
              >
                <input
                  data-variants="input"
                  placeholder="Desconto de dias"
                  type="text"
                  value=""
                />
              </div>
            </div>
          </div>
          <div>
            <label
              class="text-lg ml-8 leading-6 font-medium"
              for="date"
            >
              Primeiro dia útil
              <div>
                <div
                  data-error="false"
                  data-variants="input-wrapper"
                >
                  <input
                    data-variants="input"
                    type="date"
                    value="2023-09-24"
                  />
                </div>
              </div>
            </label>
          </div>
          <div>
            <label
              class="text-lg ml-8 leading-6 font-medium"
              for="date"
            >
              Último dia útil
              <div>
                <div
                  data-error="false"
                  data-variants="input-wrapper"
                >
                  <input
                    data-variants="input"
                    type="date"
                    value="2023-09-24"
                  />
                </div>
              </div>
            </label>
          </div>
        </div>
      </div>
      <div
        class="col-span-2 grid grid-cols-1 overflow-auto"
      >
        <table
          class="col-span-12 h-1 bg-slate-100 border border-slate-800 text-slate-900"
        >
          <thead
            class="bg-yellow-100"
          >
            <tr>
              <th
                colspan="6"
              >
                undefined
              </th>
              <th
                colspan="2"
              >
                RECIBO DE 
                PAGAMENTO
              </th>
            </tr>
          </thead>
          <thead>
            <tr>
              <th
                class="text-right"
                colspan="6"
              >
                undefined
              </th>
              <th
                colspan="2"
              >
                Ref. AGOSTO
              </th>
            </tr>
            <tr>
              <th
                colspan="8"
              >
                CNPJ: 
                undefined
              </th>
            </tr>
            <tr>
              <th
                colspan="8"
              >
                <p
                  class="my-4 border-y border-slate-800"
                >
                  Nome
                </p>
              </th>
            </tr>
          </thead>
          <tbody
            class="border-t border-slate-800"
          >
            <tr>
              <td
                class="border-r border-slate-800 undefined"
                colspan="3"
              />
              <td
                class="border-r border-slate-800 text-center"
                colspan="1"
              >
                Ref.
              </td>
              <td
                class="border-r border-slate-800 text-center"
              >
                Vencimento
              </td>
              <td
                class="border-r border-slate-800 text-center"
                colspan="2"
              >
                Descontos
              </td>
            </tr>
            <tr
              class="border-t border-slate-800 undefined"
            >
              <td
                class="border-r border-slate-800 undefined"
                colspan="3"
              >
                Salário do mês
              </td>
              <td
                class="border-r border-slate-800 text-center"
                colspan="1"
              >
                30
              </td>
              <td
                class="border-r border-slate-800 text-center"
              >
                 0,00
              </td>
              <td
                class="border-r border-slate-800 border-b"
                colspan="2"
              />
            </tr>
            <tr
              class="border-t border-slate-800 border"
            >
              <td
                class="border-r border-slate-800 undefined"
                colspan="2"
              >
                Vtr - 
                (24 à 24/09/2023)
              </td>
              <td
                class="border-r border-slate-800 text-center"
              >
                 0,00
              </td>
              <td
                class="border-r border-slate-800 text-center"
              >
                16
              </td>
              <td
                class="border-r border-slate-800 text-center"
              >
                 0,00
              </td>
              <td
                class="border-r border-slate-800 border-r"
                colspan="2"
              />
            </tr>
            <tr
              class="border-t border-slate-800 undefined"
            >
              <td
                class="border-r border-slate-800 undefined"
                colspan="3"
              >
                Falta dia
              </td>
              <td
                class="border-r border-slate-800 text-center"
              >
                0
              </td>
              <td
                class="border-r border-slate-800 text-center"
              />
              <td
                class="border-r border-slate-800 text-center"
                colspan="2"
              >
                 0,00
              </td>
            </tr>
            <tr
              class="border-t border-slate-800 undefined"
            >
              <td
                class="border-r border-slate-800 undefined"
                colspan="3"
              >
                Adiantamento anterior
              </td>
              <td
                class="border-r border-slate-800 text-center"
              />
              <td
                class="border-r border-slate-800 text-center"
              />
              <td
                class="border-r border-slate-800 text-center"
                colspan="2"
              >
                 0,00
              </td>
            </tr>
            <tr
              class="border-t border-slate-800 undefined"
            >
              <td
                class="border-r border-slate-800 undefined"
                colspan="3"
              >
                Desconto 6% Vtr
              </td>
              <td
                class="border-r border-slate-800 text-center"
              />
              <td
                class="border-r border-slate-800 text-center"
              />
              <td
                class="border-r border-slate-800 text-center"
                colspan="2"
              >
                 0,00
              </td>
            </tr>
            <tr
              class="border-t border-slate-800"
            >
              <td
                colspan="4"
              >
                <p
                  class="mt-4 border-r border-t border-slate-800"
                >
                  Total:
                </p>
              </td>
              <td
                colspan="1"
              >
                <p
                  class="mt-4 text-center border-r border-t border-slate-800"
                >
                   0,00
                </p>
              </td>
              <td
                colspan="3"
              >
                <p
                  class="mt-4 text-center border-t border-slate-800"
                >
                   0,00
                </p>
              </td>
            </tr>
            <tr
              class="mb-4 border-y border-slate-800"
            >
              <td
                colspan="4"
              >
                <p
                  class="mb-4 border-b border-r border-slate-800"
                >
                  Total líquido:
                </p>
              </td>
              <td
                colspan="4"
              >
                <p
                  class="mb-4 border-b border-slate-800 text-center"
                >
                   0,00
                </p>
              </td>
            </tr>
          </tbody>
          <tfoot
            class="border-t border-slate-800"
          >
            <tr>
              <td
                colspan="4"
              >
                <p
                  class="my-8 text-center"
                >
                  Assinatura:.......................................................
                </p>
              </td>
              <td
                colspan="4"
              >
                <p
                  class="my-8 text-center"
                >
                  Data:__/__/__
                </p>
              </td>
            </tr>
          </tfoot>
        </table>
      </div>
    </div>
  </div>
</div>
`;
