// Jest Snapshot v1, https://goo.gl/fbAQLP

exports[`Component: Navbar should render correctly 1`] = `
<div>
  <div
    class="flex items-center"
  >
    <nav
      class="grow"
    >
      <a
        class="text-xl leading-4 font-medium mr-4 hover:text-sky-950 hover:drop-shadow-lg transition-all"
        href="calculator"
      >
        Calculadora
      </a>
      <a
        class="text-xl leading-4 font-medium mr-4 hover:text-sky-950 hover:drop-shadow-lg transition-all"
        href="paystub"
      >
        Holerite
      </a>
      <a
        class="text-xl leading-4 font-medium mr-4 hover:text-sky-950 hover:drop-shadow-lg transition-all"
        href="advancepayment"
      >
        Adiantamento
      </a>
      <a
        class="text-xl leading-4 font-medium mr-4 hover:text-sky-950 hover:drop-shadow-lg transition-all"
        href="agreement"
      >
        Acerto
      </a>
    </nav>
    <button
      class="text-lg"
      data-variants="slide"
    >
      <span
        data-text="default"
      >
        Sair
      </span>
    </button>
  </div>
</div>
`;
