// Jest Snapshot v1, https://goo.gl/fbAQLP

exports[`Component: CalculatorExtraHour should render correctly 1`] = `
<div>
  <button
    aria-controls="headlessui-disclosure-panel-:r1:"
    aria-expanded="true"
    data-headlessui-state="open"
    id="headlessui-disclosure-button-:r0:"
    type="button"
  >
    <p
      class="accordion-title"
    >
      Hora extra
    </p>
  </button>
  <div
    class="transition duration-100 ease-out transform scale-95 opacity-0"
  >
    <div
      data-headlessui-state="open"
      id="headlessui-disclosure-panel-:r1:"
    >
      <div
        class="accordion-content"
      >
        <div
          class="col-span-3"
        >
          <div
            class="flex items-center"
          >
            <label
              class="mr-4"
              id="headlessui-label-:r2:"
            >
              Insalubridade
            </label>
            <button
              aria-checked="true"
              aria-labelledby="headlessui-label-:r2:"
              class="btn-switch bg-teal-500 "
              data-headlessui-state="checked"
              id="headlessui-switch-:r3:"
              role="switch"
              tabindex="0"
              type="button"
            >
              <span
                class="translate-x-6 inline-block h-4 w-4 transform rounded-full bg-white transition-transform"
              />
            </button>
          </div>
          <label
            class="text-2xl"
            for="number"
          >
            Salário
            <input
              min="0.00"
              placeholder="R$"
              step="0.01"
              type="number"
              value=""
            />
          </label>
        </div>
        <div
          class="col-span-3"
        >
          <div
            class="flex items-center"
          >
            <label
              class="mr-4"
              id="headlessui-label-:r4:"
            >
              Acerto
            </label>
            <button
              aria-checked="true"
              aria-labelledby="headlessui-label-:r4:"
              class="btn-switch bg-teal-500 "
              data-headlessui-state="checked"
              id="headlessui-switch-:r5:"
              role="switch"
              tabindex="0"
              type="button"
            >
              <span
                class="translate-x-6 inline-block h-4 w-4 transform rounded-full bg-white transition-transform"
              />
            </button>
          </div>
          <label
            class="text-2xl"
            for="number"
          >
            Horas
            <input
              min="0.00"
              placeholder="Horas"
              step="0.01"
              type="number"
              value=""
            />
          </label>
        </div>
        <div
          class="col-span-3 grid items-end h-full"
        >
          <label
            class="text-2xl"
            for="number"
          >
            Valor mínimo
            <input
              min="0.00"
              placeholder="R$ 1200,00"
              step="0.01"
              type="number"
              value=""
            />
          </label>
        </div>
        <div
          class="col-span-3 grid items-end h-full"
        >
          <label
            class="text-2xl"
            for="number"
          >
            Meses trabalhados
            <input
              min="0.00"
              placeholder="Meses"
              step="0.01"
              type="number"
              value=""
            />
          </label>
        </div>
      </div>
    </div>
  </div>
</div>
`;
